C51 COMPILER V7.50   SW3                                                                   08/15/2018 21:51:09 PAGE 1   


C51 COMPILER V7.50, COMPILATION OF MODULE SW3
OBJECT MODULE PLACED IN sw3.OBJ
COMPILER INVOKED BY: C:\Keil\C51\BIN\C51.EXE sw3.c BROWSE DEBUG OBJECTEXTEND

line level    source

   1          #include<reg51.h>
   2          sbit Sw1=P2^0;
   3          sbit Sw2=P2^1;
   4          sbit Sw3=P2^2;
   5          sbit Led1=P2^3;
   6          sbit Led2=P2^4;
   7          sbit Led3=P2^5;
   8          void main (void)
   9          {
  10   1      Sw1=1;//act as i/p
  11   1      Led1=0;//act as o/p
  12   1      Sw2=1;
  13   1      Led2=0;
  14   1      Sw3=1;
  15   1      Led3=0;
  16   1      while(1)
  17   1      {
  18   2      if (Sw1==0)
  19   2      Led1=1;
  20   2      else
  21   2      Led1=0;
  22   2      if (Sw2==0)
  23   2      Led2=1;
  24   2      else
  25   2      Led2=0;
  26   2      if (Sw3==0)
  27   2      Led3=1;
  28   2      else
  29   2      ;Led3=0;
  30   2      }//end of while
  31   1      }//end of main


MODULE INFORMATION:   STATIC OVERLAYABLE
   CODE SIZE        =     39    ----
   CONSTANT SIZE    =   ----    ----
   XDATA SIZE       =   ----    ----
   PDATA SIZE       =   ----    ----
   DATA SIZE        =   ----    ----
   IDATA SIZE       =   ----    ----
   BIT SIZE         =   ----    ----
END OF MODULE INFORMATION.


C51 COMPILATION COMPLETE.  0 WARNING(S),  0 ERROR(S)
